2025-07-18 14:47:40 [restartedMain] INFO  c.j.s.l.a.SpringBootLoggingApplication -
				Starting SpringBootLoggingApplication using Java 21.0.7 with PID 9963 (/home/pav/Samples/Java/spring-boot-logging/target/classes started by pav in /home/pav/Samples/Java/spring-boot-logging)
2025-07-18 14:47:40 [restartedMain] DEBUG c.j.s.l.a.SpringBootLoggingApplication -
				Running with Spring Boot v3.5.3, Spring v6.2.8
2025-07-18 14:47:40 [restartedMain] INFO  c.j.s.l.a.SpringBootLoggingApplication -
				No active profile set, falling back to 1 default profile: "default"
2025-07-18 14:47:41 [restartedMain] INFO  c.j.s.l.a.SpringBootLoggingApplication -
				Started SpringBootLoggingApplication in 1.477 seconds (process running for 2.486)
2025-07-18 14:48:26 [http-nio-8080-exec-1] DEBUG c.j.s.l.a.SpringBootLoggingApplication -
				Request abc
2025-07-18 14:48:26 [http-nio-8080-exec-1] DEBUG c.j.s.l.a.SpringBootLoggingApplication -
				Response Hi abc Welcome to Java Techie
2025-07-18 15:36:42 [restartedMain] INFO  c.j.s.l.a.SpringBootLoggingApplication -
				Starting SpringBootLoggingApplication using Java 21.0.7 with PID 14127 (/home/pav/Samples/Java/spring-boot-logging/target/classes started by pav in /home/pav/Samples/Java/spring-boot-logging)
2025-07-18 15:36:42 [restartedMain] DEBUG c.j.s.l.a.SpringBootLoggingApplication -
				Running with Spring Boot v3.5.3, Spring v6.2.8
2025-07-18 15:36:42 [restartedMain] INFO  c.j.s.l.a.SpringBootLoggingApplication -
				No active profile set, falling back to 1 default profile: "default"
2025-07-18 15:36:43 [restartedMain] INFO  c.j.s.l.a.SpringBootLoggingApplication -
				Started SpringBootLoggingApplication in 1.218 seconds (process running for 1.625)
2025-07-18 15:38:13 [http-nio-8080-exec-1] DEBUG c.j.s.l.a.SpringBootLoggingApplication -
				Request abc
2025-07-18 15:38:13 [http-nio-8080-exec-1] DEBUG c.j.s.l.a.SpringBootLoggingApplication -
				Response Hi abc Welcome to Java Techie
2025-07-18 15:38:13 [http-nio-8080-exec-1] DEBUG c.j.s.l.a.SpringBootLoggingApplication -
				Response Hi abc Welcome to Java Techie
2025-07-18 15:38:23 [http-nio-8080-exec-3] DEBUG c.j.s.l.a.SpringBootLoggingApplication -
				Request abcd
2025-07-18 15:38:23 [http-nio-8080-exec-3] DEBUG c.j.s.l.a.SpringBootLoggingApplication -
				Response Hi abcd Welcome to Java Techie
2025-07-18 15:38:23 [http-nio-8080-exec-3] DEBUG c.j.s.l.a.SpringBootLoggingApplication -
				Response Hi abcd Welcome to Java Techie
2025-07-18 15:40:22 [restartedMain] INFO  c.j.s.l.a.SpringBootLoggingApplication -
				Starting SpringBootLoggingApplication using Java 21.0.7 with PID 14597 (/home/pav/Samples/Java/spring-boot-logging/target/classes started by pav in /home/pav/Samples/Java/spring-boot-logging)
2025-07-18 15:40:22 [restartedMain] DEBUG c.j.s.l.a.SpringBootLoggingApplication -
				Running with Spring Boot v3.5.3, Spring v6.2.8
2025-07-18 15:40:22 [restartedMain] INFO  c.j.s.l.a.SpringBootLoggingApplication -
				No active profile set, falling back to 1 default profile: "default"
2025-07-18 15:40:23 [restartedMain] INFO  c.j.s.l.a.SpringBootLoggingApplication -
				Started SpringBootLoggingApplication in 1.15 seconds (process running for 1.553)
2025-07-18 15:40:38 [http-nio-8080-exec-1] DEBUG c.j.s.l.a.SpringBootLoggingApplication -
				Request qwerty
2025-07-18 15:40:38 [http-nio-8080-exec-1] DEBUG c.j.s.l.a.SpringBootLoggingApplication -
				Response Hi qwerty Welcome to Java Techie
2025-07-18 15:40:38 [http-nio-8080-exec-1] DEBUG c.j.s.l.a.SpringBootLoggingApplication -
				Performance log: qwerty
